// Vitest Snapshot v1, https://vitest.dev/guide/snapshot.html

exports[`sugarDefaultButtonConfig 1`] = `
{
  "accent": {
    "color": "accent",
    "variants": {
      "ghost": {
        "base": "600",
      },
      "outline": {
        "active": "200",
        "base": "600",
        "hover": "50",
      },
      "solid": {
        "active": "800",
        "base": "600",
        "hover": "700",
      },
    },
  },
  "destructive": {
    "color": "destructive",
    "variants": {
      "ghost": {
        "base": "600",
      },
      "outline": {
        "active": "200",
        "base": "600",
        "hover": "50",
      },
      "solid": {
        "active": "800",
        "base": "600",
        "hover": "700",
      },
    },
  },
  "neutral": {
    "color": "neutral",
    "variants": {
      "ghost": {
        "base": "600",
      },
      "outline": {
        "active": "200",
        "base": "600",
        "hover": "50",
      },
      "solid": {
        "active": "800",
        "base": "600",
        "hover": "700",
      },
    },
  },
}
`;
