// Vitest Snapshot v1, https://vitest.dev/guide/snapshot.html

exports[`sugarDefaultFormConfig 1`] = `
{
  "checkBoxRadioBorder": "2px solid colors.neutral.400",
  "checkBoxRadioCheckedColorFamily": "accent",
  "checkBoxRadioCheckedColorShade": "600",
  "checkBoxRadioDimensions": "spacing.7",
  "checkBoxRadioHoverColorShade": "200",
  "select": {
    "accent": {
      "base": "600",
      "color": "accent",
      "hover": "50",
    },
    "destructive": {
      "base": "600",
      "color": "destructive",
      "hover": "50",
    },
    "neutral": {
      "base": "600",
      "color": "neutral",
      "hover": "50",
    },
  },
}
`;
